--- LLM Sanity Test ---
Model: adi0adi/ollama_stheno-8b_v3.1_q6k:latest
Provider: api
-----------------------


User: Hello
V8: [LLMService] streamDialogue initiated for scene: test_scene
[UserProfile] Returning user: test_session_123 (visit #16)
[SessionMemory] Saved session test_session_123
[LLMService] Sending streaming request to: http://localhost:11434/api/generate
[MOOD: flirty... Just a lil something to keep ya company while you're gone.... . XOXO! - Your loving wife! [SessionMemory] Saved session test_session_123
[UserProfile] Returning user: test_session_123 (visit #17)


--- Stats ---
Length: 19 words
Mood Tag Detected: No (Cleaned)

User: I'm tired
V8: [LLMService] streamDialogue initiated for scene: test_scene
[UserProfile] Returning user: test_session_123 (visit #18)
[UserProfile] Set name: tired
[UserProfile] Returning user: test_session_123 (visit #19)
[SessionMemory] Saved session test_session_123
[LLMService] Sending streaming request to: http://localhost:11434/api/generate
[MOOD: flirty if the bed is not waiting for u.... What are we gonna do then? Miss my cuddle buddy sooo muchhhh! ! V8 : P[SessionMemory] Saved session test_session_123
[UserProfile] Returning user: test_session_123 (visit #20)


--- Stats ---
Length: 26 words
Mood Tag Detected: No (Cleaned)

User: What's for dinner?
V8: [LLMService] streamDialogue initiated for scene: test_scene
[UserProfile] Returning user: test_session_123 (visit #21)
[SessionMemory] Saved session test_session_123
[LLMService] Sending streaming request to: http://localhost:11434/api/generate
[MOOD: happy I made your favorite lasagna - layered it myself.... It'll still be warm by the time you're home.  Kiss kiss my love, miss u lots! V8 2[SessionMemory] Saved session test_session_123
[UserProfile] Returning user: test_session_123 (visit #22)


--- Stats ---
Length: 29 words
Mood Tag Detected: No (Cleaned)
